// Jest Snapshot v1, https://goo.gl/fbAQLP

exports[`Dragons snapshot should render dragons correctly 1`] = `
<DocumentFragment>
  <div
    class="dragon-section"
  >
    <hr
      class="line"
    />
  </div>
</DocumentFragment>
`;
